../Core/Src/app_uart.c:43:6:MX_USART6_UART_Init	8	static
../Core/Src/app_uart.c:71:6:HAL_UART_MspInit	48	static
../Core/Src/app_uart.c:104:6:HAL_UART_MspDeInit	16	static
../Core/Src/app_uart.c:129:6:APP_UART_IRQHandler	8	static
../Core/Src/app_uart.c:134:6:APP_UART_RxCpltCallback	24	static
../Core/Src/app_uart.c:148:6:APP_UART_Process	16	static
../Core/Src/app_uart.c:161:6:APP_UART_SendString	16	static
../Core/Src/app_uart.c:165:13:ProcessChar	112	static
../Core/Src/app_uart.c:247:13:SendUnknownChar	88	static
