../Core/Src/uart.c:39:6:APP_UART_Init	16	static
../Core/Src/uart.c:65:6:APP_UART_SetInterruptMode	16	static
../Core/Src/uart.c:81:9:APP_UART_IsInterruptMode	4	static
../Core/Src/uart.c:91:6:APP_UART_ProcessPolling	16	static
../Core/Src/uart.c:119:6:APP_UART_IRQ_Handler	8	static
../Core/Src/uart.c:128:6:APP_UART_RxCpltCallback	24	static
../Core/Src/uart.c:147:6:APP_UART_ProcessInterrupt	16	static
../Core/Src/uart.c:177:6:APP_UART_SendString	16	static
../Core/Src/uart.c:182:6:APP_UART_SendOK	8	static
../Core/Src/uart.c:187:6:APP_UART_SendUnknown	8	static
../Core/Src/uart.c:199:13:APP_UART_ProcessCommand	184	static
