../Core/Src/beep.c:52:14:calcNoteFreq	24	static
../Core/Src/beep.c:63:13:startPWM	8	static
../Core/Src/beep.c:69:13:stopPWM	8	static
../Core/Src/beep.c:88:6:BEEP_SetFrequency	24	static
../Core/Src/beep.c:108:6:BEEP_Init	8	static
../Core/Src/beep.c:124:6:BEEP_Update	16	static
../Core/Src/beep.c:156:6:BEEP_On	8	static
../Core/Src/beep.c:162:6:BEEP_Off	8	static
../Core/Src/beep.c:168:6:BEEP_ChangeDuration	24	static
../Core/Src/beep.c:176:7:BEEP_GetDuration	4	static
../Core/Src/beep.c:181:6:BEEP_IncreaseOctave	4	static
../Core/Src/beep.c:186:6:BEEP_DecreaseOctave	4	static
../Core/Src/beep.c:191:9:BEEP_GetOctave	4	static
../Core/Src/beep.c:196:7:BEEP_GetNoteFrequency	16	static
../Core/Src/beep.c:202:13:BEEP_GetNoteName	16	static
../Core/Src/beep.c:212:6:BEEP_PlayNoteOnce	24	static
../Core/Src/beep.c:231:6:BEEP_PlayAllNotesInOctave	8	static
